.....DNcsi~d@cDNcsixWioTzt=~GhcgM9},!y*(u`7@&uj(dynS<XgLP3%
L+X,&qBW37H%srqBWI7>POBh#Fe<B@$Bo}#R2tm`U-$vO@g`~u1'7&r"Cmm
H$o9VO@g`T_G?*O8*V(A=`K{2c-j,TO`YO%W(*1tpzDJXL?-OG]Irb4~W~p
oxWioTzt=~GhcgM9},!y*(u`7@&uj(dynS<XgLP3%sS?Iktr>Jltp+F<)MQ
/>POBh#Fe<B@$Bo}#R2tm4a-$v[I<g@c.|Nr{WIM\O*sJ:&IDz}-[k\g6X0
Nq=`q,<Ij|K'|Mh5YCMPXy>cr<nY>("i;Xu5[BAl\vQ}N+5ujP5_bIFmIvn
