.....#Z,BvpMX
.....z."u,R[B
.AxV_Vn\OYCx3
rBbQE(X|K"!2o
&g|5MnmEK2S_-
;|:x#X%d)%,me
%b\X[5og)&ttL
pA.sX&wf9<`&N
0I9>uUa.iJ4H2
;<@.Alc?Xwa*p
e2*w`wgFv$"l^
RNKi2pcH\GRc]
qxoaFS>%Yk8:5
Pd:7{d0#WYYLx
0JTD!^@ik85iW
FNr_FqE%JYQ14
]<@V8}:uTCFQ:
i2aI@L;^sB8m*
uNcp+B<GxNY3o
Nx&uTcm":d4\@
sdlEt8`n/wXBa
rJYeDRmzUbbs~
aNh1&Y*`]$o!i
